$ /tmp/df-py/bin/python -m pytest /tmp/dark-factory-wearedevs/tablekeeper/test/stage_3 --base-url http://127.0.0.1:8082 -p harness.plugin --rootdir /tmp/dark-factory-wearedevs/tablekeeper/test -q --previous-base-url http://127.0.0.1:8081 --harness-summary /workspace/dark-factory-tablekeeper/band-work/checks/castle-01/overshoot-stage3-0158/stage-3.counts.json

FFF.FFF                                                                                                                                                                                          [100%]
=============================================================================================== FAILURES ===============================================================================================
________________________________________________________________________ test_booking_carries_the_effective_policy_and_decision ________________________________________________________________________

reset = <function reset.<locals>._reset at 0x7f3630884040>, api = <function api.<locals>._api at 0x7f3630884180>

    def test_booking_carries_the_effective_policy_and_decision(reset, api):
        reset(fx.fixture(restaurants=[fx.managed_restaurant()]))
        ada = api().authenticate(fx.ADA['email'], fx.ADA['password'])
        date = fx.booking_date()
>       published = assert_status(ada.post('/restaurants/r_anker/policies',
            json=fx.policy(date, reservation_duration_minutes=60), idempotency_key=new_key()), 201).json()

tablekeeper/test/stage_3/test_sample.py:23: 
_ _ _ _ _ _ _ _ _ _ _ _ _ _ _ _ _ _ _ _ _ _ _ _ _ _ _ _ _ _ _ _ _ _ _ _ _ _ _ _ _ _ _ _ _ _ _ _ _ _ _ _ _ _ _ _ _ _ _ _ _ _ _ _ _ _ _ _ _ _ _ _ _ _ _ _ _ _ _ _ _ _ _ _ _ _ _ _ _ _ _ _ _ _ _ _ _ _ _ _ 

resp = <Response [404 Not Found]>, expected = 201

    def assert_status(resp: httpx.Response, expected: int) -> httpx.Response:
>       assert resp.status_code == expected, \
               ^^^^^^^^^^^^^^^^^^^^^^^^^^^^
            f"expected {expected}, got {resp.status_code}. {_describe(resp)}"
E       AssertionError: expected 201, got 404. POST /restaurants/r_anker/policies -> 404 '{"error":{"code":"not_found","message":"No such resource"}}'

harness/http.py:108: AssertionError
________________________________________________________________________________ test_explain_accounts_for_every_table _________________________________________________________________________________

world = namespace(fixture={'users': [{'id': 'u_ada', 'email': 'ada@example.com', 'password': 'correct horse', 'display_name': ...}, date='2026-10-11', ada=<harness.http.Api object at 0x7f363091afd0>, bob=<harness.http.Api object at 0x7f3630919bd0>)
anon = <harness.http.Api object at 0x7f3630798050>

    def test_explain_accounts_for_every_table(world, anon):
        body = assert_status(anon.get("/availability", params={
            "restaurant_id": world.rid, "date": world.date,
            "party_size": 4, "explain": "true"}), 200).json()
        slot = body["slots"][0]
>       assert [e["table_id"] for e in slot["explain"]] \
                                       ^^^^^^^^^^^^^^^
            == [t["id"] for t in world.restaurant["tables"]]
E       KeyError: 'explain'

tablekeeper/test/stage_3/test_sample.py:40: KeyError
_____________________________________________________________________________ test_explain_agrees_with_available_table_ids _____________________________________________________________________________

world = namespace(fixture={'users': [{'id': 'u_ada', 'email': 'ada@example.com', 'password': 'correct horse', 'display_name': ...}, date='2026-10-11', ada=<harness.http.Api object at 0x7f3630798770>, bob=<harness.http.Api object at 0x7f36307cc830>)
anon = <harness.http.Api object at 0x7f36307a8270>

    def test_explain_agrees_with_available_table_ids(world, anon):
        body = assert_status(anon.get("/availability", params={
            "restaurant_id": world.rid, "date": world.date,
            "party_size": 4, "explain": "true"}), 200).json()
        slot = body["slots"][0]
>       assert [e["table_id"] for e in slot["explain"] if e["available"]] \
                                       ^^^^^^^^^^^^^^^
            == slot["available_table_ids"]
E       KeyError: 'explain'

tablekeeper/test/stage_3/test_sample.py:51: KeyError
__________________________________________________________________________________ test_history_records_the_creation ___________________________________________________________________________________

world = namespace(fixture={'users': [{'id': 'u_ada', 'email': 'ada@example.com', 'password': 'correct horse', 'display_name': ...}, date='2026-10-11', ada=<harness.http.Api object at 0x7f3630aec6e0>, bob=<harness.http.Api object at 0x7f36307766c0>)
book = <function book.<locals>._book at 0x7f36307e49a0>

    def test_history_records_the_creation(world, book):
        created = assert_status(book(table_id="t_2", at="19:00", party_size=4), 201).json()
>       entries = assert_status(
            world.ada.get(f"/reservations/{created['reference']}/history"), 200).json()["entries"]

tablekeeper/test/stage_3/test_sample.py:63: 
_ _ _ _ _ _ _ _ _ _ _ _ _ _ _ _ _ _ _ _ _ _ _ _ _ _ _ _ _ _ _ _ _ _ _ _ _ _ _ _ _ _ _ _ _ _ _ _ _ _ _ _ _ _ _ _ _ _ _ _ _ _ _ _ _ _ _ _ _ _ _ _ _ _ _ _ _ _ _ _ _ _ _ _ _ _ _ _ _ _ _ _ _ _ _ _ _ _ _ _ 

resp = <Response [404 Not Found]>, expected = 200

    def assert_status(resp: httpx.Response, expected: int) -> httpx.Response:
>       assert resp.status_code == expected, \
               ^^^^^^^^^^^^^^^^^^^^^^^^^^^^
            f"expected {expected}, got {resp.status_code}. {_describe(resp)}"
E       AssertionError: expected 200, got 404. GET /reservations/FD7GJEHU/history -> 404 '{"error":{"code":"not_found","message":"No such resource"}}'

harness/http.py:108: AssertionError
___________________________________________________________________________ test_history_records_a_change_with_the_old_value ___________________________________________________________________________

world = namespace(fixture={'users': [{'id': 'u_ada', 'email': 'ada@example.com', 'password': 'correct horse', 'display_name': ...}, date='2026-10-11', ada=<harness.http.Api object at 0x7f3630afe350>, bob=<harness.http.Api object at 0x7f363093a5f0>)
book = <function book.<locals>._book at 0x7f36307e5c60>

    def test_history_records_a_change_with_the_old_value(world, book):
        created = assert_status(book(table_id="t_2", at="19:00"), 201).json()
        ref = created["reference"]
        assert_status(world.ada.patch(f"/reservations/{ref}", json={"table_id": "t_3"}), 200)
>       entries = assert_status(
            world.ada.get(f"/reservations/{ref}/history"), 200).json()["entries"]

tablekeeper/test/stage_3/test_sample.py:75: 
_ _ _ _ _ _ _ _ _ _ _ _ _ _ _ _ _ _ _ _ _ _ _ _ _ _ _ _ _ _ _ _ _ _ _ _ _ _ _ _ _ _ _ _ _ _ _ _ _ _ _ _ _ _ _ _ _ _ _ _ _ _ _ _ _ _ _ _ _ _ _ _ _ _ _ _ _ _ _ _ _ _ _ _ _ _ _ _ _ _ _ _ _ _ _ _ _ _ _ _ 

resp = <Response [404 Not Found]>, expected = 200

    def assert_status(resp: httpx.Response, expected: int) -> httpx.Response:
>       assert resp.status_code == expected, \
               ^^^^^^^^^^^^^^^^^^^^^^^^^^^^
            f"expected {expected}, got {resp.status_code}. {_describe(resp)}"
E       AssertionError: expected 200, got 404. GET /reservations/Q3LPCJNB/history -> 404 '{"error":{"code":"not_found","message":"No such resource"}}'

harness/http.py:108: AssertionError
___________________________________________________________________________ test_adopt_one_booking_as_a_recurring_agreement ____________________________________________________________________________

world = namespace(fixture={'users': [{'id': 'u_ada', 'email': 'ada@example.com', 'password': 'correct horse', 'display_name': ...}, date='2026-10-11', ada=<harness.http.Api object at 0x7f3630947790>, bob=<harness.http.Api object at 0x7f3630922150>)
book = <function book.<locals>._book at 0x7f36307e5ee0>

    def test_adopt_one_booking_as_a_recurring_agreement(world, book):
        from harness.http import new_key
        anchor = book().json()
        response = world.ada.post('/series', json=dict(anchor_reference=anchor['reference'],
            count=2, interval_weeks=1), idempotency_key=new_key())
>       assert response.status_code == 201
E       assert 404 == 201
E        +  where 404 = <Response [404 Not Found]>.status_code

tablekeeper/test/stage_3/test_sample.py:87: AssertionError
======================================================================================= short test summary info ========================================================================================
FAILED tablekeeper/test/stage_3/test_sample.py::test_booking_carries_the_effective_policy_and_decision - AssertionError: expected 201, got 404. POST /restaurants/r_anker/policies -> 404 '{"error":{"code":"not_found","message":"No such resource"}}'
FAILED tablekeeper/test/stage_3/test_sample.py::test_explain_accounts_for_every_table - KeyError: 'explain'
FAILED tablekeeper/test/stage_3/test_sample.py::test_explain_agrees_with_available_table_ids - KeyError: 'explain'
FAILED tablekeeper/test/stage_3/test_sample.py::test_history_records_the_creation - AssertionError: expected 200, got 404. GET /reservations/FD7GJEHU/history -> 404 '{"error":{"code":"not_found","message":"No such resource"}}'
FAILED tablekeeper/test/stage_3/test_sample.py::test_history_records_a_change_with_the_old_value - AssertionError: expected 200, got 404. GET /reservations/Q3LPCJNB/history -> 404 '{"error":{"code":"not_found","message":"No such resource"}}'
FAILED tablekeeper/test/stage_3/test_sample.py::test_adopt_one_booking_as_a_recurring_agreement - assert 404 == 201
 +  where 404 = <Response [404 Not Found]>.status_code
6 failed, 1 passed in 1.60s

