$ /tmp/df-py/bin/python -m pytest /tmp/dark-factory-wearedevs/tablekeeper/test/stage_2 --base-url http://127.0.0.1:8081 -p harness.plugin --rootdir /tmp/dark-factory-wearedevs/tablekeeper/test -q --previous-base-url http://127.0.0.1:8081 --harness-summary /workspace/dark-factory-tablekeeper/band-work/checks/rerun-s1-overshoot/stage-2.counts.json

FFFFFF.FFF.FFFFFFFFFFFFFF                                                                                                                                                                        [100%]
=============================================================================================== FAILURES ===============================================================================================
_________________________________________________________________________ test_routes_are_directly_navigable[/-search-button] __________________________________________________________________________

seeded = {'users': [{'id': 'u_ada', 'email': 'ada@example.com', 'password': 'correct horse', 'display_name': 'Ada'}, {'id': 'u_...s': [{'id': 'r_anker', 'name': 'Zum Anker', 'timezone': 'Europe/Berlin', 'slot_minutes': 30, ...}], 'reservations': []}
page = <Page url='http://127.0.0.1:8081/'>, route = '/', anchor = 'search-button'

    @pytest.mark.parametrize("route,anchor", [
        ("/", "search-button"), ("/signup", "signup-submit"),
        ("/login", "login-submit"), ("/lookup", "lookup-submit"),
    ])
    def test_routes_are_directly_navigable(seeded, page, route, anchor):
        page.goto(route)
>       page.wait_for_selector(sel(anchor), state="attached")

tablekeeper/test/stage_2/test_sample.py:51: 
_ _ _ _ _ _ _ _ _ _ _ _ _ _ _ _ _ _ _ _ _ _ _ _ _ _ _ _ _ _ _ _ _ _ _ _ _ _ _ _ _ _ _ _ _ _ _ _ _ _ _ _ _ _ _ _ _ _ _ _ _ _ _ _ _ _ _ _ _ _ _ _ _ _ _ _ _ _ _ _ _ _ _ _ _ _ _ _ _ _ _ _ _ _ _ _ _ _ _ _ 
../df-py/lib/python3.13/site-packages/playwright/sync_api/_generated.py:9061: in wait_for_selector
    self._sync(
../df-py/lib/python3.13/site-packages/playwright/_impl/_page.py:429: in wait_for_selector
    return await self._main_frame.wait_for_selector(**locals_to_params(locals()))
           ^^^^^^^^^^^^^^^^^^^^^^^^^^^^^^^^^^^^^^^^^^^^^^^^^^^^^^^^^^^^^^^^^^^^^^
../df-py/lib/python3.13/site-packages/playwright/_impl/_frame.py:395: in wait_for_selector
    await self._channel.send(
../df-py/lib/python3.13/site-packages/playwright/_impl/_connection.py:76: in send
    return await self._connection.wrap_api_call(
_ _ _ _ _ _ _ _ _ _ _ _ _ _ _ _ _ _ _ _ _ _ _ _ _ _ _ _ _ _ _ _ _ _ _ _ _ _ _ _ _ _ _ _ _ _ _ _ _ _ _ _ _ _ _ _ _ _ _ _ _ _ _ _ _ _ _ _ _ _ _ _ _ _ _ _ _ _ _ _ _ _ _ _ _ _ _ _ _ _ _ _ _ _ _ _ _ _ _ _ 

self = <playwright._impl._connection.Connection object at 0x7fc82c946a50>, cb = <function Channel.send.<locals>.<lambda> at 0x7fc82c58b240>, is_internal = False, title = None

    async def wrap_api_call(
        self, cb: Callable[[], Any], is_internal: bool = False, title: str = None
    ) -> Any:
        if self._api_zone.get():
            return await cb()
        task = asyncio.current_task(self._loop)
        parsed_st = _attach_api_call_information(
            getattr(task, "__pw_stack__", None) or _capture_stack_trace(),
            is_internal,
            title,
        )
        self._api_zone.set(parsed_st)
        try:
            return await cb()
        except Exception as error:
>           raise rewrite_error(error, f"{parsed_st['apiName']}: {error}") from None
E           playwright._impl._errors.TimeoutError: Page.wait_for_selector: Timeout 10000ms exceeded.
E           Call log:
E             - waiting for locator("[data-testid='search-button']")

../df-py/lib/python3.13/site-packages/playwright/_impl/_connection.py:632: TimeoutError
______________________________________________________________________ test_routes_are_directly_navigable[/signup-signup-submit] _______________________________________________________________________

seeded = {'users': [{'id': 'u_ada', 'email': 'ada@example.com', 'password': 'correct horse', 'display_name': 'Ada'}, {'id': 'u_...s': [{'id': 'r_anker', 'name': 'Zum Anker', 'timezone': 'Europe/Berlin', 'slot_minutes': 30, ...}], 'reservations': []}
page = <Page url='http://127.0.0.1:8081/signup'>, route = '/signup', anchor = 'signup-submit'

    @pytest.mark.parametrize("route,anchor", [
        ("/", "search-button"), ("/signup", "signup-submit"),
        ("/login", "login-submit"), ("/lookup", "lookup-submit"),
    ])
    def test_routes_are_directly_navigable(seeded, page, route, anchor):
        page.goto(route)
>       page.wait_for_selector(sel(anchor), state="attached")

tablekeeper/test/stage_2/test_sample.py:51: 
_ _ _ _ _ _ _ _ _ _ _ _ _ _ _ _ _ _ _ _ _ _ _ _ _ _ _ _ _ _ _ _ _ _ _ _ _ _ _ _ _ _ _ _ _ _ _ _ _ _ _ _ _ _ _ _ _ _ _ _ _ _ _ _ _ _ _ _ _ _ _ _ _ _ _ _ _ _ _ _ _ _ _ _ _ _ _ _ _ _ _ _ _ _ _ _ _ _ _ _ 
../df-py/lib/python3.13/site-packages/playwright/sync_api/_generated.py:9061: in wait_for_selector
    self._sync(
../df-py/lib/python3.13/site-packages/playwright/_impl/_page.py:429: in wait_for_selector
    return await self._main_frame.wait_for_selector(**locals_to_params(locals()))
           ^^^^^^^^^^^^^^^^^^^^^^^^^^^^^^^^^^^^^^^^^^^^^^^^^^^^^^^^^^^^^^^^^^^^^^
../df-py/lib/python3.13/site-packages/playwright/_impl/_frame.py:395: in wait_for_selector
    await self._channel.send(
../df-py/lib/python3.13/site-packages/playwright/_impl/_connection.py:76: in send
    return await self._connection.wrap_api_call(
_ _ _ _ _ _ _ _ _ _ _ _ _ _ _ _ _ _ _ _ _ _ _ _ _ _ _ _ _ _ _ _ _ _ _ _ _ _ _ _ _ _ _ _ _ _ _ _ _ _ _ _ _ _ _ _ _ _ _ _ _ _ _ _ _ _ _ _ _ _ _ _ _ _ _ _ _ _ _ _ _ _ _ _ _ _ _ _ _ _ _ _ _ _ _ _ _ _ _ _ 

self = <playwright._impl._connection.Connection object at 0x7fc82c946a50>, cb = <function Channel.send.<locals>.<lambda> at 0x7fc82c5b3240>, is_internal = False, title = None

    async def wrap_api_call(
        self, cb: Callable[[], Any], is_internal: bool = False, title: str = None
    ) -> Any:
        if self._api_zone.get():
            return await cb()
        task = asyncio.current_task(self._loop)
        parsed_st = _attach_api_call_information(
            getattr(task, "__pw_stack__", None) or _capture_stack_trace(),
            is_internal,
            title,
        )
        self._api_zone.set(parsed_st)
        try:
            return await cb()
        except Exception as error:
>           raise rewrite_error(error, f"{parsed_st['apiName']}: {error}") from None
E           playwright._impl._errors.TimeoutError: Page.wait_for_selector: Timeout 10000ms exceeded.
E           Call log:
E             - waiting for locator("[data-testid='signup-submit']")

../df-py/lib/python3.13/site-packages/playwright/_impl/_connection.py:632: TimeoutError
_______________________________________________________________________ test_routes_are_directly_navigable[/login-login-submit] ________________________________________________________________________

seeded = {'users': [{'id': 'u_ada', 'email': 'ada@example.com', 'password': 'correct horse', 'display_name': 'Ada'}, {'id': 'u_...s': [{'id': 'r_anker', 'name': 'Zum Anker', 'timezone': 'Europe/Berlin', 'slot_minutes': 30, ...}], 'reservations': []}
page = <Page url='http://127.0.0.1:8081/login'>, route = '/login', anchor = 'login-submit'

    @pytest.mark.parametrize("route,anchor", [
        ("/", "search-button"), ("/signup", "signup-submit"),
        ("/login", "login-submit"), ("/lookup", "lookup-submit"),
    ])
    def test_routes_are_directly_navigable(seeded, page, route, anchor):
        page.goto(route)
>       page.wait_for_selector(sel(anchor), state="attached")

tablekeeper/test/stage_2/test_sample.py:51: 
_ _ _ _ _ _ _ _ _ _ _ _ _ _ _ _ _ _ _ _ _ _ _ _ _ _ _ _ _ _ _ _ _ _ _ _ _ _ _ _ _ _ _ _ _ _ _ _ _ _ _ _ _ _ _ _ _ _ _ _ _ _ _ _ _ _ _ _ _ _ _ _ _ _ _ _ _ _ _ _ _ _ _ _ _ _ _ _ _ _ _ _ _ _ _ _ _ _ _ _ 
../df-py/lib/python3.13/site-packages/playwright/sync_api/_generated.py:9061: in wait_for_selector
    self._sync(
../df-py/lib/python3.13/site-packages/playwright/_impl/_page.py:429: in wait_for_selector
    return await self._main_frame.wait_for_selector(**locals_to_params(locals()))
           ^^^^^^^^^^^^^^^^^^^^^^^^^^^^^^^^^^^^^^^^^^^^^^^^^^^^^^^^^^^^^^^^^^^^^^
../df-py/lib/python3.13/site-packages/playwright/_impl/_frame.py:395: in wait_for_selector
    await self._channel.send(
../df-py/lib/python3.13/site-packages/playwright/_impl/_connection.py:76: in send
    return await self._connection.wrap_api_call(
_ _ _ _ _ _ _ _ _ _ _ _ _ _ _ _ _ _ _ _ _ _ _ _ _ _ _ _ _ _ _ _ _ _ _ _ _ _ _ _ _ _ _ _ _ _ _ _ _ _ _ _ _ _ _ _ _ _ _ _ _ _ _ _ _ _ _ _ _ _ _ _ _ _ _ _ _ _ _ _ _ _ _ _ _ _ _ _ _ _ _ _ _ _ _ _ _ _ _ _ 

self = <playwright._impl._connection.Connection object at 0x7fc82c946a50>, cb = <function Channel.send.<locals>.<lambda> at 0x7fc82b1b47c0>, is_internal = False, title = None

    async def wrap_api_call(
        self, cb: Callable[[], Any], is_internal: bool = False, title: str = None
    ) -> Any:
        if self._api_zone.get():
            return await cb()
        task = asyncio.current_task(self._loop)
        parsed_st = _attach_api_call_information(
            getattr(task, "__pw_stack__", None) or _capture_stack_trace(),
            is_internal,
            title,
        )
        self._api_zone.set(parsed_st)
        try:
            return await cb()
        except Exception as error:
>           raise rewrite_error(error, f"{parsed_st['apiName']}: {error}") from None
E           playwright._impl._errors.TimeoutError: Page.wait_for_selector: Timeout 10000ms exceeded.
E           Call log:
E             - waiting for locator("[data-testid='login-submit']")

../df-py/lib/python3.13/site-packages/playwright/_impl/_connection.py:632: TimeoutError
______________________________________________________________________ test_routes_are_directly_navigable[/lookup-lookup-submit] _______________________________________________________________________

seeded = {'users': [{'id': 'u_ada', 'email': 'ada@example.com', 'password': 'correct horse', 'display_name': 'Ada'}, {'id': 'u_...s': [{'id': 'r_anker', 'name': 'Zum Anker', 'timezone': 'Europe/Berlin', 'slot_minutes': 30, ...}], 'reservations': []}
page = <Page url='http://127.0.0.1:8081/lookup'>, route = '/lookup', anchor = 'lookup-submit'

    @pytest.mark.parametrize("route,anchor", [
        ("/", "search-button"), ("/signup", "signup-submit"),
        ("/login", "login-submit"), ("/lookup", "lookup-submit"),
    ])
    def test_routes_are_directly_navigable(seeded, page, route, anchor):
        page.goto(route)
>       page.wait_for_selector(sel(anchor), state="attached")

tablekeeper/test/stage_2/test_sample.py:51: 
_ _ _ _ _ _ _ _ _ _ _ _ _ _ _ _ _ _ _ _ _ _ _ _ _ _ _ _ _ _ _ _ _ _ _ _ _ _ _ _ _ _ _ _ _ _ _ _ _ _ _ _ _ _ _ _ _ _ _ _ _ _ _ _ _ _ _ _ _ _ _ _ _ _ _ _ _ _ _ _ _ _ _ _ _ _ _ _ _ _ _ _ _ _ _ _ _ _ _ _ 
../df-py/lib/python3.13/site-packages/playwright/sync_api/_generated.py:9061: in wait_for_selector
    self._sync(
../df-py/lib/python3.13/site-packages/playwright/_impl/_page.py:429: in wait_for_selector
    return await self._main_frame.wait_for_selector(**locals_to_params(locals()))
           ^^^^^^^^^^^^^^^^^^^^^^^^^^^^^^^^^^^^^^^^^^^^^^^^^^^^^^^^^^^^^^^^^^^^^^
../df-py/lib/python3.13/site-packages/playwright/_impl/_frame.py:395: in wait_for_selector
    await self._channel.send(
../df-py/lib/python3.13/site-packages/playwright/_impl/_connection.py:76: in send
    return await self._connection.wrap_api_call(
_ _ _ _ _ _ _ _ _ _ _ _ _ _ _ _ _ _ _ _ _ _ _ _ _ _ _ _ _ _ _ _ _ _ _ _ _ _ _ _ _ _ _ _ _ _ _ _ _ _ _ _ _ _ _ _ _ _ _ _ _ _ _ _ _ _ _ _ _ _ _ _ _ _ _ _ _ _ _ _ _ _ _ _ _ _ _ _ _ _ _ _ _ _ _ _ _ _ _ _ 

self = <playwright._impl._connection.Connection object at 0x7fc82c946a50>, cb = <function Channel.send.<locals>.<lambda> at 0x7fc82b1f07c0>, is_internal = False, title = None

    async def wrap_api_call(
        self, cb: Callable[[], Any], is_internal: bool = False, title: str = None
    ) -> Any:
        if self._api_zone.get():
            return await cb()
        task = asyncio.current_task(self._loop)
        parsed_st = _attach_api_call_information(
            getattr(task, "__pw_stack__", None) or _capture_stack_trace(),
            is_internal,
            title,
        )
        self._api_zone.set(parsed_st)
        try:
            return await cb()
        except Exception as error:
>           raise rewrite_error(error, f"{parsed_st['apiName']}: {error}") from None
E           playwright._impl._errors.TimeoutError: Page.wait_for_selector: Timeout 10000ms exceeded.
E           Call log:
E             - waiting for locator("[data-testid='lookup-submit']")

../df-py/lib/python3.13/site-packages/playwright/_impl/_connection.py:632: TimeoutError
___________________________________________________________________________ test_login_signs_you_in_and_logout_signs_you_out ___________________________________________________________________________

seeded = {'users': [{'id': 'u_ada', 'email': 'ada@example.com', 'password': 'correct horse', 'display_name': 'Ada'}, {'id': 'u_...s': [{'id': 'r_anker', 'name': 'Zum Anker', 'timezone': 'Europe/Berlin', 'slot_minutes': 30, ...}], 'reservations': []}
page = <Page url='http://127.0.0.1:8081/login'>

    def test_login_signs_you_in_and_logout_signs_you_out(seeded, page):
>       log_in(page)

tablekeeper/test/stage_2/test_sample.py:55: 
_ _ _ _ _ _ _ _ _ _ _ _ _ _ _ _ _ _ _ _ _ _ _ _ _ _ _ _ _ _ _ _ _ _ _ _ _ _ _ _ _ _ _ _ _ _ _ _ _ _ _ _ _ _ _ _ _ _ _ _ _ _ _ _ _ _ _ _ _ _ _ _ _ _ _ _ _ _ _ _ _ _ _ _ _ _ _ _ _ _ _ _ _ _ _ _ _ _ _ _ 
tablekeeper/test/stage_2/test_sample.py:29: in log_in
    page.fill(sel("login-email"), email or fx.ADA["email"])
../df-py/lib/python3.13/site-packages/playwright/sync_api/_generated.py:11332: in fill
    self._sync(
../df-py/lib/python3.13/site-packages/playwright/_impl/_page.py:930: in fill
    return await self._main_frame.fill(**locals_to_params(locals()))
           ^^^^^^^^^^^^^^^^^^^^^^^^^^^^^^^^^^^^^^^^^^^^^^^^^^^^^^^^^
../df-py/lib/python3.13/site-packages/playwright/_impl/_frame.py:637: in fill
    await self._fill(**locals_to_params(locals()))
../df-py/lib/python3.13/site-packages/playwright/_impl/_frame.py:649: in _fill
    await self._channel.send("fill", self._timeout, locals_to_params(locals()))
../df-py/lib/python3.13/site-packages/playwright/_impl/_connection.py:76: in send
    return await self._connection.wrap_api_call(
_ _ _ _ _ _ _ _ _ _ _ _ _ _ _ _ _ _ _ _ _ _ _ _ _ _ _ _ _ _ _ _ _ _ _ _ _ _ _ _ _ _ _ _ _ _ _ _ _ _ _ _ _ _ _ _ _ _ _ _ _ _ _ _ _ _ _ _ _ _ _ _ _ _ _ _ _ _ _ _ _ _ _ _ _ _ _ _ _ _ _ _ _ _ _ _ _ _ _ _ 

self = <playwright._impl._connection.Connection object at 0x7fc82c946a50>, cb = <function Channel.send.<locals>.<lambda> at 0x7fc82b1f2a20>, is_internal = False, title = None

    async def wrap_api_call(
        self, cb: Callable[[], Any], is_internal: bool = False, title: str = None
    ) -> Any:
        if self._api_zone.get():
            return await cb()
        task = asyncio.current_task(self._loop)
        parsed_st = _attach_api_call_information(
            getattr(task, "__pw_stack__", None) or _capture_stack_trace(),
            is_internal,
            title,
        )
        self._api_zone.set(parsed_st)
        try:
            return await cb()
        except Exception as error:
>           raise rewrite_error(error, f"{parsed_st['apiName']}: {error}") from None
E           playwright._impl._errors.TimeoutError: Page.fill: Timeout 10000ms exceeded.
E           Call log:
E             - waiting for locator("[data-testid='login-email']")

../df-py/lib/python3.13/site-packages/playwright/_impl/_connection.py:632: TimeoutError
_______________________________________________________________________________ test_booking_flow_reaches_a_confirmation _______________________________________________________________________________

seeded = {'users': [{'id': 'u_ada', 'email': 'ada@example.com', 'password': 'correct horse', 'display_name': 'Ada'}, {'id': 'u_...s': [{'id': 'r_anker', 'name': 'Zum Anker', 'timezone': 'Europe/Berlin', 'slot_minutes': 30, ...}], 'reservations': []}
page = <Page url='http://127.0.0.1:8081/login'>

    def test_booking_flow_reaches_a_confirmation(seeded, page):
>       log_in(page)

tablekeeper/test/stage_2/test_sample.py:63: 
_ _ _ _ _ _ _ _ _ _ _ _ _ _ _ _ _ _ _ _ _ _ _ _ _ _ _ _ _ _ _ _ _ _ _ _ _ _ _ _ _ _ _ _ _ _ _ _ _ _ _ _ _ _ _ _ _ _ _ _ _ _ _ _ _ _ _ _ _ _ _ _ _ _ _ _ _ _ _ _ _ _ _ _ _ _ _ _ _ _ _ _ _ _ _ _ _ _ _ _ 
tablekeeper/test/stage_2/test_sample.py:29: in log_in
    page.fill(sel("login-email"), email or fx.ADA["email"])
../df-py/lib/python3.13/site-packages/playwright/sync_api/_generated.py:11332: in fill
    self._sync(
../df-py/lib/python3.13/site-packages/playwright/_impl/_page.py:930: in fill
    return await self._main_frame.fill(**locals_to_params(locals()))
           ^^^^^^^^^^^^^^^^^^^^^^^^^^^^^^^^^^^^^^^^^^^^^^^^^^^^^^^^^
../df-py/lib/python3.13/site-packages/playwright/_impl/_frame.py:637: in fill
    await self._fill(**locals_to_params(locals()))
../df-py/lib/python3.13/site-packages/playwright/_impl/_frame.py:649: in _fill
    await self._channel.send("fill", self._timeout, locals_to_params(locals()))
../df-py/lib/python3.13/site-packages/playwright/_impl/_connection.py:76: in send
    return await self._connection.wrap_api_call(
_ _ _ _ _ _ _ _ _ _ _ _ _ _ _ _ _ _ _ _ _ _ _ _ _ _ _ _ _ _ _ _ _ _ _ _ _ _ _ _ _ _ _ _ _ _ _ _ _ _ _ _ _ _ _ _ _ _ _ _ _ _ _ _ _ _ _ _ _ _ _ _ _ _ _ _ _ _ _ _ _ _ _ _ _ _ _ _ _ _ _ _ _ _ _ _ _ _ _ _ 

self = <playwright._impl._connection.Connection object at 0x7fc82c946a50>, cb = <function Channel.send.<locals>.<lambda> at 0x7fc82b1b4a40>, is_internal = False, title = None

    async def wrap_api_call(
        self, cb: Callable[[], Any], is_internal: bool = False, title: str = None
    ) -> Any:
        if self._api_zone.get():
            return await cb()
        task = asyncio.current_task(self._loop)
        parsed_st = _attach_api_call_information(
            getattr(task, "__pw_stack__", None) or _capture_stack_trace(),
            is_internal,
            title,
        )
        self._api_zone.set(parsed_st)
        try:
            return await cb()
        except Exception as error:
>           raise rewrite_error(error, f"{parsed_st['apiName']}: {error}") from None
E           playwright._impl._errors.TimeoutError: Page.fill: Timeout 10000ms exceeded.
E           Call log:
E             - waiting for locator("[data-testid='login-email']")

../df-py/lib/python3.13/site-packages/playwright/_impl/_connection.py:632: TimeoutError
_______________________________________________________________________________ test_a_combination_occupies_both_tables ________________________________________________________________________________

reset = <function reset.<locals>._reset at 0x7fc82b1b6020>, api = <function api.<locals>._api at 0x7fc82b1b4b80>

    def test_a_combination_occupies_both_tables(reset, api):
        from harness.http import new_key
        restaurant = fx.restaurant()
        restaurant['combinable'] = [['t_1', 't_2']]
        reset(fx.fixture(restaurants=[restaurant]))
        ada = api().authenticate(fx.ADA['email'], fx.ADA['password'])
        result = ada.post('/reservations', json=dict(restaurant_id='r_anker',
            table_ids=['t_1', 't_2'], party_size=6, starts_at_local=fx.local(fx.booking_date())),
            idempotency_key=new_key())
>       assert result.status_code == 201
E       assert 422 == 201
E        +  where 422 = <Response [422 Unprocessable Entity]>.status_code

tablekeeper/test/stage_2/test_sample.py:104: AssertionError
_______________________________________________________________________________________ test_signup_signs_you_in _______________________________________________________________________________________

seeded = {'users': [{'id': 'u_ada', 'email': 'ada@example.com', 'password': 'correct horse', 'display_name': 'Ada'}, {'id': 'u_...s': [{'id': 'r_anker', 'name': 'Zum Anker', 'timezone': 'Europe/Berlin', 'slot_minutes': 30, ...}], 'reservations': []}
page = <Page url='http://127.0.0.1:8081/signup'>

    def test_signup_signs_you_in(seeded, page):
>       sign_up(page, name="Dee")

tablekeeper/test/stage_2/test_ui.py:56: 
_ _ _ _ _ _ _ _ _ _ _ _ _ _ _ _ _ _ _ _ _ _ _ _ _ _ _ _ _ _ _ _ _ _ _ _ _ _ _ _ _ _ _ _ _ _ _ _ _ _ _ _ _ _ _ _ _ _ _ _ _ _ _ _ _ _ _ _ _ _ _ _ _ _ _ _ _ _ _ _ _ _ _ _ _ _ _ _ _ _ _ _ _ _ _ _ _ _ _ _ 
tablekeeper/test/stage_2/test_ui.py:25: in sign_up
    page.fill(sel("signup-email"), email)
../df-py/lib/python3.13/site-packages/playwright/sync_api/_generated.py:11332: in fill
    self._sync(
../df-py/lib/python3.13/site-packages/playwright/_impl/_page.py:930: in fill
    return await self._main_frame.fill(**locals_to_params(locals()))
           ^^^^^^^^^^^^^^^^^^^^^^^^^^^^^^^^^^^^^^^^^^^^^^^^^^^^^^^^^
../df-py/lib/python3.13/site-packages/playwright/_impl/_frame.py:637: in fill
    await self._fill(**locals_to_params(locals()))
../df-py/lib/python3.13/site-packages/playwright/_impl/_frame.py:649: in _fill
    await self._channel.send("fill", self._timeout, locals_to_params(locals()))
../df-py/lib/python3.13/site-packages/playwright/_impl/_connection.py:76: in send
    return await self._connection.wrap_api_call(
_ _ _ _ _ _ _ _ _ _ _ _ _ _ _ _ _ _ _ _ _ _ _ _ _ _ _ _ _ _ _ _ _ _ _ _ _ _ _ _ _ _ _ _ _ _ _ _ _ _ _ _ _ _ _ _ _ _ _ _ _ _ _ _ _ _ _ _ _ _ _ _ _ _ _ _ _ _ _ _ _ _ _ _ _ _ _ _ _ _ _ _ _ _ _ _ _ _ _ _ 

self = <playwright._impl._connection.Connection object at 0x7fc82c946a50>, cb = <function Channel.send.<locals>.<lambda> at 0x7fc82b219080>, is_internal = False, title = None

    async def wrap_api_call(
        self, cb: Callable[[], Any], is_internal: bool = False, title: str = None
    ) -> Any:
        if self._api_zone.get():
            return await cb()
        task = asyncio.current_task(self._loop)
        parsed_st = _attach_api_call_information(
            getattr(task, "__pw_stack__", None) or _capture_stack_trace(),
            is_internal,
            title,
        )
        self._api_zone.set(parsed_st)
        try:
            return await cb()
        except Exception as error:
>           raise rewrite_error(error, f"{parsed_st['apiName']}: {error}") from None
E           playwright._impl._errors.TimeoutError: Page.fill: Timeout 10000ms exceeded.
E           Call log:
E             - waiting for locator("[data-testid='signup-email']")

../df-py/lib/python3.13/site-packages/playwright/_impl/_connection.py:632: TimeoutError
___________________________________________________________________________________ test_bad_login_shows_auth_error ____________________________________________________________________________________

seeded = {'users': [{'id': 'u_ada', 'email': 'ada@example.com', 'password': 'correct horse', 'display_name': 'Ada'}, {'id': 'u_...s': [{'id': 'r_anker', 'name': 'Zum Anker', 'timezone': 'Europe/Berlin', 'slot_minutes': 30, ...}], 'reservations': []}
page = <Page url='http://127.0.0.1:8081/login'>

    def test_bad_login_shows_auth_error(seeded, page):
>       log_in(page, password="wrong password", expect_success=False)

tablekeeper/test/stage_2/test_ui.py:62: 
_ _ _ _ _ _ _ _ _ _ _ _ _ _ _ _ _ _ _ _ _ _ _ _ _ _ _ _ _ _ _ _ _ _ _ _ _ _ _ _ _ _ _ _ _ _ _ _ _ _ _ _ _ _ _ _ _ _ _ _ _ _ _ _ _ _ _ _ _ _ _ _ _ _ _ _ _ _ _ _ _ _ _ _ _ _ _ _ _ _ _ _ _ _ _ _ _ _ _ _ 
tablekeeper/test/stage_2/test_ui.py:34: in log_in
    page.fill(sel("login-email"), email or fx.ADA["email"])
../df-py/lib/python3.13/site-packages/playwright/sync_api/_generated.py:11332: in fill
    self._sync(
../df-py/lib/python3.13/site-packages/playwright/_impl/_page.py:930: in fill
    return await self._main_frame.fill(**locals_to_params(locals()))
           ^^^^^^^^^^^^^^^^^^^^^^^^^^^^^^^^^^^^^^^^^^^^^^^^^^^^^^^^^
../df-py/lib/python3.13/site-packages/playwright/_impl/_frame.py:637: in fill
    await self._fill(**locals_to_params(locals()))
../df-py/lib/python3.13/site-packages/playwright/_impl/_frame.py:649: in _fill
    await self._channel.send("fill", self._timeout, locals_to_params(locals()))
../df-py/lib/python3.13/site-packages/playwright/_impl/_connection.py:76: in send
    return await self._connection.wrap_api_call(
_ _ _ _ _ _ _ _ _ _ _ _ _ _ _ _ _ _ _ _ _ _ _ _ _ _ _ _ _ _ _ _ _ _ _ _ _ _ _ _ _ _ _ _ _ _ _ _ _ _ _ _ _ _ _ _ _ _ _ _ _ _ _ _ _ _ _ _ _ _ _ _ _ _ _ _ _ _ _ _ _ _ _ _ _ _ _ _ _ _ _ _ _ _ _ _ _ _ _ _ 

self = <playwright._impl._connection.Connection object at 0x7fc82c946a50>, cb = <function Channel.send.<locals>.<lambda> at 0x7fc82b21a520>, is_internal = False, title = None

    async def wrap_api_call(
        self, cb: Callable[[], Any], is_internal: bool = False, title: str = None
    ) -> Any:
        if self._api_zone.get():
            return await cb()
        task = asyncio.current_task(self._loop)
        parsed_st = _attach_api_call_information(
            getattr(task, "__pw_stack__", None) or _capture_stack_trace(),
            is_internal,
            title,
        )
        self._api_zone.set(parsed_st)
        try:
            return await cb()
        except Exception as error:
>           raise rewrite_error(error, f"{parsed_st['apiName']}: {error}") from None
E           playwright._impl._errors.TimeoutError: Page.fill: Timeout 10000ms exceeded.
E           Call log:
E             - waiting for locator("[data-testid='login-email']")

../df-py/lib/python3.13/site-packages/playwright/_impl/_connection.py:632: TimeoutError
______________________________________________________________________________ test_grid_shows_a_cell_per_table_per_slot _______________________________________________________________________________

seeded = {'users': [{'id': 'u_ada', 'email': 'ada@example.com', 'password': 'correct horse', 'display_name': 'Ada'}, {'id': 'u_...s': [{'id': 'r_anker', 'name': 'Zum Anker', 'timezone': 'Europe/Berlin', 'slot_minutes': 30, ...}], 'reservations': []}
page = <Page url='http://127.0.0.1:8081/'>

    def test_grid_shows_a_cell_per_table_per_slot(seeded, page):
>       search(page, party_size=2)

tablekeeper/test/stage_2/test_ui.py:76: 
_ _ _ _ _ _ _ _ _ _ _ _ _ _ _ _ _ _ _ _ _ _ _ _ _ _ _ _ _ _ _ _ _ _ _ _ _ _ _ _ _ _ _ _ _ _ _ _ _ _ _ _ _ _ _ _ _ _ _ _ _ _ _ _ _ _ _ _ _ _ _ _ _ _ _ _ _ _ _ _ _ _ _ _ _ _ _ _ _ _ _ _ _ _ _ _ _ _ _ _ 
tablekeeper/test/stage_2/test_ui.py:45: in search
    page.select_option(sel("restaurant-select"), restaurant)
../df-py/lib/python3.13/site-packages/playwright/sync_api/_generated.py:12333: in select_option
    self._sync(
../df-py/lib/python3.13/site-packages/playwright/_impl/_page.py:1075: in select_option
    return await self._main_frame.select_option(**params)
           ^^^^^^^^^^^^^^^^^^^^^^^^^^^^^^^^^^^^^^^^^^^^^^
../df-py/lib/python3.13/site-packages/playwright/_impl/_frame.py:815: in select_option
    return await self._channel.send("selectOption", self._timeout, params)
           ^^^^^^^^^^^^^^^^^^^^^^^^^^^^^^^^^^^^^^^^^^^^^^^^^^^^^^^^^^^^^^^
../df-py/lib/python3.13/site-packages/playwright/_impl/_connection.py:76: in send
    return await self._connection.wrap_api_call(
_ _ _ _ _ _ _ _ _ _ _ _ _ _ _ _ _ _ _ _ _ _ _ _ _ _ _ _ _ _ _ _ _ _ _ _ _ _ _ _ _ _ _ _ _ _ _ _ _ _ _ _ _ _ _ _ _ _ _ _ _ _ _ _ _ _ _ _ _ _ _ _ _ _ _ _ _ _ _ _ _ _ _ _ _ _ _ _ _ _ _ _ _ _ _ _ _ _ _ _ 

self = <playwright._impl._connection.Connection object at 0x7fc82c946a50>, cb = <function Channel.send.<locals>.<lambda> at 0x7fc82b150a40>, is_internal = False, title = None

    async def wrap_api_call(
        self, cb: Callable[[], Any], is_internal: bool = False, title: str = None
    ) -> Any:
        if self._api_zone.get():
            return await cb()
        task = asyncio.current_task(self._loop)
        parsed_st = _attach_api_call_information(
            getattr(task, "__pw_stack__", None) or _capture_stack_trace(),
            is_internal,
            title,
        )
        self._api_zone.set(parsed_st)
        try:
            return await cb()
        except Exception as error:
>           raise rewrite_error(error, f"{parsed_st['apiName']}: {error}") from None
E           playwright._impl._errors.TimeoutError: Page.select_option: Timeout 10000ms exceeded.
E           Call log:
E             - waiting for locator("[data-testid='restaurant-select']")

../df-py/lib/python3.13/site-packages/playwright/_impl/_connection.py:632: TimeoutError
___________________________________________________________________________________ test_cells_carry_data_available ____________________________________________________________________________________

seeded = {'users': [{'id': 'u_ada', 'email': 'ada@example.com', 'password': 'correct horse', 'display_name': 'Ada'}, {'id': 'u_...s': [{'id': 'r_anker', 'name': 'Zum Anker', 'timezone': 'Europe/Berlin', 'slot_minutes': 30, ...}], 'reservations': []}
page = <Page url='http://127.0.0.1:8081/'>

    def test_cells_carry_data_available(seeded, page):
>       search(page, party_size=6)

tablekeeper/test/stage_2/test_ui.py:84: 
_ _ _ _ _ _ _ _ _ _ _ _ _ _ _ _ _ _ _ _ _ _ _ _ _ _ _ _ _ _ _ _ _ _ _ _ _ _ _ _ _ _ _ _ _ _ _ _ _ _ _ _ _ _ _ _ _ _ _ _ _ _ _ _ _ _ _ _ _ _ _ _ _ _ _ _ _ _ _ _ _ _ _ _ _ _ _ _ _ _ _ _ _ _ _ _ _ _ _ _ 
tablekeeper/test/stage_2/test_ui.py:45: in search
    page.select_option(sel("restaurant-select"), restaurant)
../df-py/lib/python3.13/site-packages/playwright/sync_api/_generated.py:12333: in select_option
    self._sync(
../df-py/lib/python3.13/site-packages/playwright/_impl/_page.py:1075: in select_option
    return await self._main_frame.select_option(**params)
           ^^^^^^^^^^^^^^^^^^^^^^^^^^^^^^^^^^^^^^^^^^^^^^
../df-py/lib/python3.13/site-packages/playwright/_impl/_frame.py:815: in select_option
    return await self._channel.send("selectOption", self._timeout, params)
           ^^^^^^^^^^^^^^^^^^^^^^^^^^^^^^^^^^^^^^^^^^^^^^^^^^^^^^^^^^^^^^^
../df-py/lib/python3.13/site-packages/playwright/_impl/_connection.py:76: in send
    return await self._connection.wrap_api_call(
_ _ _ _ _ _ _ _ _ _ _ _ _ _ _ _ _ _ _ _ _ _ _ _ _ _ _ _ _ _ _ _ _ _ _ _ _ _ _ _ _ _ _ _ _ _ _ _ _ _ _ _ _ _ _ _ _ _ _ _ _ _ _ _ _ _ _ _ _ _ _ _ _ _ _ _ _ _ _ _ _ _ _ _ _ _ _ _ _ _ _ _ _ _ _ _ _ _ _ _ 

self = <playwright._impl._connection.Connection object at 0x7fc82c946a50>, cb = <function Channel.send.<locals>.<lambda> at 0x7fc82b1f3240>, is_internal = False, title = None

    async def wrap_api_call(
        self, cb: Callable[[], Any], is_internal: bool = False, title: str = None
    ) -> Any:
        if self._api_zone.get():
            return await cb()
        task = asyncio.current_task(self._loop)
        parsed_st = _attach_api_call_information(
            getattr(task, "__pw_stack__", None) or _capture_stack_trace(),
            is_internal,
            title,
        )
        self._api_zone.set(parsed_st)
        try:
            return await cb()
        except Exception as error:
>           raise rewrite_error(error, f"{parsed_st['apiName']}: {error}") from None
E           playwright._impl._errors.TimeoutError: Page.select_option: Timeout 10000ms exceeded.
E           Call log:
E             - waiting for locator("[data-testid='restaurant-select']")

../df-py/lib/python3.13/site-packages/playwright/_impl/_connection.py:632: TimeoutError
____________________________________________________________________________________ test_closed_day_shows_no_slots ____________________________________________________________________________________

reset = <function reset.<locals>._reset at 0x7fc82b1b6200>, page = <Page url='http://127.0.0.1:8081/'>

    def test_closed_day_shows_no_slots(reset, page):
        date = fx.booking_date()
        closed = [h for h in fx.all_week() if h["weekday"] != fx.weekday_of(date)]
        reset(fx.fixture(restaurants=[fx.restaurant(opening_hours=closed)]))
>       search(page, date=date)

tablekeeper/test/stage_2/test_ui.py:94: 
_ _ _ _ _ _ _ _ _ _ _ _ _ _ _ _ _ _ _ _ _ _ _ _ _ _ _ _ _ _ _ _ _ _ _ _ _ _ _ _ _ _ _ _ _ _ _ _ _ _ _ _ _ _ _ _ _ _ _ _ _ _ _ _ _ _ _ _ _ _ _ _ _ _ _ _ _ _ _ _ _ _ _ _ _ _ _ _ _ _ _ _ _ _ _ _ _ _ _ _ 
tablekeeper/test/stage_2/test_ui.py:45: in search
    page.select_option(sel("restaurant-select"), restaurant)
../df-py/lib/python3.13/site-packages/playwright/sync_api/_generated.py:12333: in select_option
    self._sync(
../df-py/lib/python3.13/site-packages/playwright/_impl/_page.py:1075: in select_option
    return await self._main_frame.select_option(**params)
           ^^^^^^^^^^^^^^^^^^^^^^^^^^^^^^^^^^^^^^^^^^^^^^
../df-py/lib/python3.13/site-packages/playwright/_impl/_frame.py:815: in select_option
    return await self._channel.send("selectOption", self._timeout, params)
           ^^^^^^^^^^^^^^^^^^^^^^^^^^^^^^^^^^^^^^^^^^^^^^^^^^^^^^^^^^^^^^^
../df-py/lib/python3.13/site-packages/playwright/_impl/_connection.py:76: in send
    return await self._connection.wrap_api_call(
_ _ _ _ _ _ _ _ _ _ _ _ _ _ _ _ _ _ _ _ _ _ _ _ _ _ _ _ _ _ _ _ _ _ _ _ _ _ _ _ _ _ _ _ _ _ _ _ _ _ _ _ _ _ _ _ _ _ _ _ _ _ _ _ _ _ _ _ _ _ _ _ _ _ _ _ _ _ _ _ _ _ _ _ _ _ _ _ _ _ _ _ _ _ _ _ _ _ _ _ 

self = <playwright._impl._connection.Connection object at 0x7fc82c946a50>, cb = <function Channel.send.<locals>.<lambda> at 0x7fc82b15a700>, is_internal = False, title = None

    async def wrap_api_call(
        self, cb: Callable[[], Any], is_internal: bool = False, title: str = None
    ) -> Any:
        if self._api_zone.get():
            return await cb()
        task = asyncio.current_task(self._loop)
        parsed_st = _attach_api_call_information(
            getattr(task, "__pw_stack__", None) or _capture_stack_trace(),
            is_internal,
            title,
        )
        self._api_zone.set(parsed_st)
        try:
            return await cb()
        except Exception as error:
>           raise rewrite_error(error, f"{parsed_st['apiName']}: {error}") from None
E           playwright._impl._errors.TimeoutError: Page.select_option: Timeout 10000ms exceeded.
E           Call log:
E             - waiting for locator("[data-testid='restaurant-select']")

../df-py/lib/python3.13/site-packages/playwright/_impl/_connection.py:632: TimeoutError
____________________________________________________________________________ test_clicking_an_unavailable_cell_does_nothing ____________________________________________________________________________

seeded = {'users': [{'id': 'u_ada', 'email': 'ada@example.com', 'password': 'correct horse', 'display_name': 'Ada'}, {'id': 'u_...s': [{'id': 'r_anker', 'name': 'Zum Anker', 'timezone': 'Europe/Berlin', 'slot_minutes': 30, ...}], 'reservations': []}
page = <Page url='http://127.0.0.1:8081/login'>

    def test_clicking_an_unavailable_cell_does_nothing(seeded, page):
>       log_in(page)

tablekeeper/test/stage_2/test_ui.py:99: 
_ _ _ _ _ _ _ _ _ _ _ _ _ _ _ _ _ _ _ _ _ _ _ _ _ _ _ _ _ _ _ _ _ _ _ _ _ _ _ _ _ _ _ _ _ _ _ _ _ _ _ _ _ _ _ _ _ _ _ _ _ _ _ _ _ _ _ _ _ _ _ _ _ _ _ _ _ _ _ _ _ _ _ _ _ _ _ _ _ _ _ _ _ _ _ _ _ _ _ _ 
tablekeeper/test/stage_2/test_ui.py:34: in log_in
    page.fill(sel("login-email"), email or fx.ADA["email"])
../df-py/lib/python3.13/site-packages/playwright/sync_api/_generated.py:11332: in fill
    self._sync(
../df-py/lib/python3.13/site-packages/playwright/_impl/_page.py:930: in fill
    return await self._main_frame.fill(**locals_to_params(locals()))
           ^^^^^^^^^^^^^^^^^^^^^^^^^^^^^^^^^^^^^^^^^^^^^^^^^^^^^^^^^
../df-py/lib/python3.13/site-packages/playwright/_impl/_frame.py:637: in fill
    await self._fill(**locals_to_params(locals()))
../df-py/lib/python3.13/site-packages/playwright/_impl/_frame.py:649: in _fill
    await self._channel.send("fill", self._timeout, locals_to_params(locals()))
../df-py/lib/python3.13/site-packages/playwright/_impl/_connection.py:76: in send
    return await self._connection.wrap_api_call(
_ _ _ _ _ _ _ _ _ _ _ _ _ _ _ _ _ _ _ _ _ _ _ _ _ _ _ _ _ _ _ _ _ _ _ _ _ _ _ _ _ _ _ _ _ _ _ _ _ _ _ _ _ _ _ _ _ _ _ _ _ _ _ _ _ _ _ _ _ _ _ _ _ _ _ _ _ _ _ _ _ _ _ _ _ _ _ _ _ _ _ _ _ _ _ _ _ _ _ _ 

self = <playwright._impl._connection.Connection object at 0x7fc82c946a50>, cb = <function Channel.send.<locals>.<lambda> at 0x7fc82b162d40>, is_internal = False, title = None

    async def wrap_api_call(
        self, cb: Callable[[], Any], is_internal: bool = False, title: str = None
    ) -> Any:
        if self._api_zone.get():
            return await cb()
        task = asyncio.current_task(self._loop)
        parsed_st = _attach_api_call_information(
            getattr(task, "__pw_stack__", None) or _capture_stack_trace(),
            is_internal,
            title,
        )
        self._api_zone.set(parsed_st)
        try:
            return await cb()
        except Exception as error:
>           raise rewrite_error(error, f"{parsed_st['apiName']}: {error}") from None
E           playwright._impl._errors.TimeoutError: Page.fill: Timeout 10000ms exceeded.
E           Call log:
E             - waiting for locator("[data-testid='login-email']")

../df-py/lib/python3.13/site-packages/playwright/_impl/_connection.py:632: TimeoutError
___________________________________________________________________ test_booking_while_signed_out_shows_auth_error_or_goes_to_login ____________________________________________________________________

seeded = {'users': [{'id': 'u_ada', 'email': 'ada@example.com', 'password': 'correct horse', 'display_name': 'Ada'}, {'id': 'u_...s': [{'id': 'r_anker', 'name': 'Zum Anker', 'timezone': 'Europe/Berlin', 'slot_minutes': 30, ...}], 'reservations': []}
page = <Page url='http://127.0.0.1:8081/'>

    def test_booking_while_signed_out_shows_auth_error_or_goes_to_login(seeded, page):
>       search(page, party_size=4)

tablekeeper/test/stage_2/test_ui.py:108: 
_ _ _ _ _ _ _ _ _ _ _ _ _ _ _ _ _ _ _ _ _ _ _ _ _ _ _ _ _ _ _ _ _ _ _ _ _ _ _ _ _ _ _ _ _ _ _ _ _ _ _ _ _ _ _ _ _ _ _ _ _ _ _ _ _ _ _ _ _ _ _ _ _ _ _ _ _ _ _ _ _ _ _ _ _ _ _ _ _ _ _ _ _ _ _ _ _ _ _ _ 
tablekeeper/test/stage_2/test_ui.py:45: in search
    page.select_option(sel("restaurant-select"), restaurant)
../df-py/lib/python3.13/site-packages/playwright/sync_api/_generated.py:12333: in select_option
    self._sync(
../df-py/lib/python3.13/site-packages/playwright/_impl/_page.py:1075: in select_option
    return await self._main_frame.select_option(**params)
           ^^^^^^^^^^^^^^^^^^^^^^^^^^^^^^^^^^^^^^^^^^^^^^
../df-py/lib/python3.13/site-packages/playwright/_impl/_frame.py:815: in select_option
    return await self._channel.send("selectOption", self._timeout, params)
           ^^^^^^^^^^^^^^^^^^^^^^^^^^^^^^^^^^^^^^^^^^^^^^^^^^^^^^^^^^^^^^^
../df-py/lib/python3.13/site-packages/playwright/_impl/_connection.py:76: in send
    return await self._connection.wrap_api_call(
_ _ _ _ _ _ _ _ _ _ _ _ _ _ _ _ _ _ _ _ _ _ _ _ _ _ _ _ _ _ _ _ _ _ _ _ _ _ _ _ _ _ _ _ _ _ _ _ _ _ _ _ _ _ _ _ _ _ _ _ _ _ _ _ _ _ _ _ _ _ _ _ _ _ _ _ _ _ _ _ _ _ _ _ _ _ _ _ _ _ _ _ _ _ _ _ _ _ _ _ 

self = <playwright._impl._connection.Connection object at 0x7fc82c946a50>, cb = <function Channel.send.<locals>.<lambda> at 0x7fc82b153ec0>, is_internal = False, title = None

    async def wrap_api_call(
        self, cb: Callable[[], Any], is_internal: bool = False, title: str = None
    ) -> Any:
        if self._api_zone.get():
            return await cb()
        task = asyncio.current_task(self._loop)
        parsed_st = _attach_api_call_information(
            getattr(task, "__pw_stack__", None) or _capture_stack_trace(),
            is_internal,
            title,
        )
        self._api_zone.set(parsed_st)
        try:
            return await cb()
        except Exception as error:
>           raise rewrite_error(error, f"{parsed_st['apiName']}: {error}") from None
E           playwright._impl._errors.TimeoutError: Page.select_option: Timeout 10000ms exceeded.
E           Call log:
E             - waiting for locator("[data-testid='restaurant-select']")

../df-py/lib/python3.13/site-packages/playwright/_impl/_connection.py:632: TimeoutError
_________________________________________________________________________ test_a_booked_slot_is_unavailable_on_the_next_search _________________________________________________________________________

seeded = {'users': [{'id': 'u_ada', 'email': 'ada@example.com', 'password': 'correct horse', 'display_name': 'Ada'}, {'id': 'u_...s': [{'id': 'r_anker', 'name': 'Zum Anker', 'timezone': 'Europe/Berlin', 'slot_minutes': 30, ...}], 'reservations': []}
page = <Page url='http://127.0.0.1:8081/login'>

    def test_a_booked_slot_is_unavailable_on_the_next_search(seeded, page):
>       log_in(page)

tablekeeper/test/stage_2/test_ui.py:117: 
_ _ _ _ _ _ _ _ _ _ _ _ _ _ _ _ _ _ _ _ _ _ _ _ _ _ _ _ _ _ _ _ _ _ _ _ _ _ _ _ _ _ _ _ _ _ _ _ _ _ _ _ _ _ _ _ _ _ _ _ _ _ _ _ _ _ _ _ _ _ _ _ _ _ _ _ _ _ _ _ _ _ _ _ _ _ _ _ _ _ _ _ _ _ _ _ _ _ _ _ 
tablekeeper/test/stage_2/test_ui.py:34: in log_in
    page.fill(sel("login-email"), email or fx.ADA["email"])
../df-py/lib/python3.13/site-packages/playwright/sync_api/_generated.py:11332: in fill
    self._sync(
../df-py/lib/python3.13/site-packages/playwright/_impl/_page.py:930: in fill
    return await self._main_frame.fill(**locals_to_params(locals()))
           ^^^^^^^^^^^^^^^^^^^^^^^^^^^^^^^^^^^^^^^^^^^^^^^^^^^^^^^^^
../df-py/lib/python3.13/site-packages/playwright/_impl/_frame.py:637: in fill
    await self._fill(**locals_to_params(locals()))
../df-py/lib/python3.13/site-packages/playwright/_impl/_frame.py:649: in _fill
    await self._channel.send("fill", self._timeout, locals_to_params(locals()))
../df-py/lib/python3.13/site-packages/playwright/_impl/_connection.py:76: in send
    return await self._connection.wrap_api_call(
_ _ _ _ _ _ _ _ _ _ _ _ _ _ _ _ _ _ _ _ _ _ _ _ _ _ _ _ _ _ _ _ _ _ _ _ _ _ _ _ _ _ _ _ _ _ _ _ _ _ _ _ _ _ _ _ _ _ _ _ _ _ _ _ _ _ _ _ _ _ _ _ _ _ _ _ _ _ _ _ _ _ _ _ _ _ _ _ _ _ _ _ _ _ _ _ _ _ _ _ 

self = <playwright._impl._connection.Connection object at 0x7fc82c946a50>, cb = <function Channel.send.<locals>.<lambda> at 0x7fc82b162d40>, is_internal = False, title = None

    async def wrap_api_call(
        self, cb: Callable[[], Any], is_internal: bool = False, title: str = None
    ) -> Any:
        if self._api_zone.get():
            return await cb()
        task = asyncio.current_task(self._loop)
        parsed_st = _attach_api_call_information(
            getattr(task, "__pw_stack__", None) or _capture_stack_trace(),
            is_internal,
            title,
        )
        self._api_zone.set(parsed_st)
        try:
            return await cb()
        except Exception as error:
>           raise rewrite_error(error, f"{parsed_st['apiName']}: {error}") from None
E           playwright._impl._errors.TimeoutError: Page.fill: Timeout 10000ms exceeded.
E           Call log:
E             - waiting for locator("[data-testid='login-email']")

../df-py/lib/python3.13/site-packages/playwright/_impl/_connection.py:632: TimeoutError
__________________________________________________________________________ test_booking_error_is_shown_when_the_booking_fails __________________________________________________________________________

seeded = {'users': [{'id': 'u_ada', 'email': 'ada@example.com', 'password': 'correct horse', 'display_name': 'Ada'}, {'id': 'u_...s': [{'id': 'r_anker', 'name': 'Zum Anker', 'timezone': 'Europe/Berlin', 'slot_minutes': 30, ...}], 'reservations': []}
page = <Page url='http://127.0.0.1:8081/login'>, api = <function api.<locals>._api at 0x7fc82b1b8ae0>

    def test_booking_error_is_shown_when_the_booking_fails(seeded, page, api):
        """Take the table over the API between opening the form and submitting."""
>       log_in(page)

tablekeeper/test/stage_2/test_ui.py:130: 
_ _ _ _ _ _ _ _ _ _ _ _ _ _ _ _ _ _ _ _ _ _ _ _ _ _ _ _ _ _ _ _ _ _ _ _ _ _ _ _ _ _ _ _ _ _ _ _ _ _ _ _ _ _ _ _ _ _ _ _ _ _ _ _ _ _ _ _ _ _ _ _ _ _ _ _ _ _ _ _ _ _ _ _ _ _ _ _ _ _ _ _ _ _ _ _ _ _ _ _ 
tablekeeper/test/stage_2/test_ui.py:34: in log_in
    page.fill(sel("login-email"), email or fx.ADA["email"])
../df-py/lib/python3.13/site-packages/playwright/sync_api/_generated.py:11332: in fill
    self._sync(
../df-py/lib/python3.13/site-packages/playwright/_impl/_page.py:930: in fill
    return await self._main_frame.fill(**locals_to_params(locals()))
           ^^^^^^^^^^^^^^^^^^^^^^^^^^^^^^^^^^^^^^^^^^^^^^^^^^^^^^^^^
../df-py/lib/python3.13/site-packages/playwright/_impl/_frame.py:637: in fill
    await self._fill(**locals_to_params(locals()))
../df-py/lib/python3.13/site-packages/playwright/_impl/_frame.py:649: in _fill
    await self._channel.send("fill", self._timeout, locals_to_params(locals()))
../df-py/lib/python3.13/site-packages/playwright/_impl/_connection.py:76: in send
    return await self._connection.wrap_api_call(
_ _ _ _ _ _ _ _ _ _ _ _ _ _ _ _ _ _ _ _ _ _ _ _ _ _ _ _ _ _ _ _ _ _ _ _ _ _ _ _ _ _ _ _ _ _ _ _ _ _ _ _ _ _ _ _ _ _ _ _ _ _ _ _ _ _ _ _ _ _ _ _ _ _ _ _ _ _ _ _ _ _ _ _ _ _ _ _ _ _ _ _ _ _ _ _ _ _ _ _ 

self = <playwright._impl._connection.Connection object at 0x7fc82c946a50>, cb = <function Channel.send.<locals>.<lambda> at 0x7fc82b1b9ee0>, is_internal = False, title = None

    async def wrap_api_call(
        self, cb: Callable[[], Any], is_internal: bool = False, title: str = None
    ) -> Any:
        if self._api_zone.get():
            return await cb()
        task = asyncio.current_task(self._loop)
        parsed_st = _attach_api_call_information(
            getattr(task, "__pw_stack__", None) or _capture_stack_trace(),
            is_internal,
            title,
        )
        self._api_zone.set(parsed_st)
        try:
            return await cb()
        except Exception as error:
>           raise rewrite_error(error, f"{parsed_st['apiName']}: {error}") from None
E           playwright._impl._errors.TimeoutError: Page.fill: Timeout 10000ms exceeded.
E           Call log:
E             - waiting for locator("[data-testid='login-email']")

../df-py/lib/python3.13/site-packages/playwright/_impl/_connection.py:632: TimeoutError
__________________________________________________________________________________ test_lookup_shows_the_reservation ___________________________________________________________________________________

seeded = {'users': [{'id': 'u_ada', 'email': 'ada@example.com', 'password': 'correct horse', 'display_name': 'Ada'}, {'id': 'u_...s': [{'id': 'r_anker', 'name': 'Zum Anker', 'timezone': 'Europe/Berlin', 'slot_minutes': 30, ...}], 'reservations': []}
page = <Page url='http://127.0.0.1:8081/login'>

    def test_lookup_shows_the_reservation(seeded, page):
>       reference = _book_via_ui(page)
                    ^^^^^^^^^^^^^^^^^^

tablekeeper/test/stage_2/test_ui.py:161: 
_ _ _ _ _ _ _ _ _ _ _ _ _ _ _ _ _ _ _ _ _ _ _ _ _ _ _ _ _ _ _ _ _ _ _ _ _ _ _ _ _ _ _ _ _ _ _ _ _ _ _ _ _ _ _ _ _ _ _ _ _ _ _ _ _ _ _ _ _ _ _ _ _ _ _ _ _ _ _ _ _ _ _ _ _ _ _ _ _ _ _ _ _ _ _ _ _ _ _ _ 
tablekeeper/test/stage_2/test_ui.py:151: in _book_via_ui
    log_in(page)
tablekeeper/test/stage_2/test_ui.py:34: in log_in
    page.fill(sel("login-email"), email or fx.ADA["email"])
../df-py/lib/python3.13/site-packages/playwright/sync_api/_generated.py:11332: in fill
    self._sync(
../df-py/lib/python3.13/site-packages/playwright/_impl/_page.py:930: in fill
    return await self._main_frame.fill(**locals_to_params(locals()))
           ^^^^^^^^^^^^^^^^^^^^^^^^^^^^^^^^^^^^^^^^^^^^^^^^^^^^^^^^^
../df-py/lib/python3.13/site-packages/playwright/_impl/_frame.py:637: in fill
    await self._fill(**locals_to_params(locals()))
../df-py/lib/python3.13/site-packages/playwright/_impl/_frame.py:649: in _fill
    await self._channel.send("fill", self._timeout, locals_to_params(locals()))
../df-py/lib/python3.13/site-packages/playwright/_impl/_connection.py:76: in send
    return await self._connection.wrap_api_call(
_ _ _ _ _ _ _ _ _ _ _ _ _ _ _ _ _ _ _ _ _ _ _ _ _ _ _ _ _ _ _ _ _ _ _ _ _ _ _ _ _ _ _ _ _ _ _ _ _ _ _ _ _ _ _ _ _ _ _ _ _ _ _ _ _ _ _ _ _ _ _ _ _ _ _ _ _ _ _ _ _ _ _ _ _ _ _ _ _ _ _ _ _ _ _ _ _ _ _ _ 

self = <playwright._impl._connection.Connection object at 0x7fc82c946a50>, cb = <function Channel.send.<locals>.<lambda> at 0x7fc82b1ba520>, is_internal = False, title = None

    async def wrap_api_call(
        self, cb: Callable[[], Any], is_internal: bool = False, title: str = None
    ) -> Any:
        if self._api_zone.get():
            return await cb()
        task = asyncio.current_task(self._loop)
        parsed_st = _attach_api_call_information(
            getattr(task, "__pw_stack__", None) or _capture_stack_trace(),
            is_internal,
            title,
        )
        self._api_zone.set(parsed_st)
        try:
            return await cb()
        except Exception as error:
>           raise rewrite_error(error, f"{parsed_st['apiName']}: {error}") from None
E           playwright._impl._errors.TimeoutError: Page.fill: Timeout 10000ms exceeded.
E           Call log:
E             - waiting for locator("[data-testid='login-email']")

../df-py/lib/python3.13/site-packages/playwright/_impl/_connection.py:632: TimeoutError
_______________________________________________________________________ test_cancel_from_lookup_updates_without_a_manual_reload ________________________________________________________________________

seeded = {'users': [{'id': 'u_ada', 'email': 'ada@example.com', 'password': 'correct horse', 'display_name': 'Ada'}, {'id': 'u_...s': [{'id': 'r_anker', 'name': 'Zum Anker', 'timezone': 'Europe/Berlin', 'slot_minutes': 30, ...}], 'reservations': []}
page = <Page url='http://127.0.0.1:8081/login'>

    def test_cancel_from_lookup_updates_without_a_manual_reload(seeded, page):
>       reference = _book_via_ui(page)
                    ^^^^^^^^^^^^^^^^^^

tablekeeper/test/stage_2/test_ui.py:170: 
_ _ _ _ _ _ _ _ _ _ _ _ _ _ _ _ _ _ _ _ _ _ _ _ _ _ _ _ _ _ _ _ _ _ _ _ _ _ _ _ _ _ _ _ _ _ _ _ _ _ _ _ _ _ _ _ _ _ _ _ _ _ _ _ _ _ _ _ _ _ _ _ _ _ _ _ _ _ _ _ _ _ _ _ _ _ _ _ _ _ _ _ _ _ _ _ _ _ _ _ 
tablekeeper/test/stage_2/test_ui.py:151: in _book_via_ui
    log_in(page)
tablekeeper/test/stage_2/test_ui.py:34: in log_in
    page.fill(sel("login-email"), email or fx.ADA["email"])
../df-py/lib/python3.13/site-packages/playwright/sync_api/_generated.py:11332: in fill
    self._sync(
../df-py/lib/python3.13/site-packages/playwright/_impl/_page.py:930: in fill
    return await self._main_frame.fill(**locals_to_params(locals()))
           ^^^^^^^^^^^^^^^^^^^^^^^^^^^^^^^^^^^^^^^^^^^^^^^^^^^^^^^^^
../df-py/lib/python3.13/site-packages/playwright/_impl/_frame.py:637: in fill
    await self._fill(**locals_to_params(locals()))
../df-py/lib/python3.13/site-packages/playwright/_impl/_frame.py:649: in _fill
    await self._channel.send("fill", self._timeout, locals_to_params(locals()))
../df-py/lib/python3.13/site-packages/playwright/_impl/_connection.py:76: in send
    return await self._connection.wrap_api_call(
_ _ _ _ _ _ _ _ _ _ _ _ _ _ _ _ _ _ _ _ _ _ _ _ _ _ _ _ _ _ _ _ _ _ _ _ _ _ _ _ _ _ _ _ _ _ _ _ _ _ _ _ _ _ _ _ _ _ _ _ _ _ _ _ _ _ _ _ _ _ _ _ _ _ _ _ _ _ _ _ _ _ _ _ _ _ _ _ _ _ _ _ _ _ _ _ _ _ _ _ 

self = <playwright._impl._connection.Connection object at 0x7fc82c946a50>, cb = <function Channel.send.<locals>.<lambda> at 0x7fc82b1b8040>, is_internal = False, title = None

    async def wrap_api_call(
        self, cb: Callable[[], Any], is_internal: bool = False, title: str = None
    ) -> Any:
        if self._api_zone.get():
            return await cb()
        task = asyncio.current_task(self._loop)
        parsed_st = _attach_api_call_information(
            getattr(task, "__pw_stack__", None) or _capture_stack_trace(),
            is_internal,
            title,
        )
        self._api_zone.set(parsed_st)
        try:
            return await cb()
        except Exception as error:
>           raise rewrite_error(error, f"{parsed_st['apiName']}: {error}") from None
E           playwright._impl._errors.TimeoutError: Page.fill: Timeout 10000ms exceeded.
E           Call log:
E             - waiting for locator("[data-testid='login-email']")

../df-py/lib/python3.13/site-packages/playwright/_impl/_connection.py:632: TimeoutError
____________________________________________________________________________________ test_cancelling_frees_the_slot ____________________________________________________________________________________

seeded = {'users': [{'id': 'u_ada', 'email': 'ada@example.com', 'password': 'correct horse', 'display_name': 'Ada'}, {'id': 'u_...s': [{'id': 'r_anker', 'name': 'Zum Anker', 'timezone': 'Europe/Berlin', 'slot_minutes': 30, ...}], 'reservations': []}
page = <Page url='http://127.0.0.1:8081/login'>

    def test_cancelling_frees_the_slot(seeded, page):
>       reference = _book_via_ui(page)
                    ^^^^^^^^^^^^^^^^^^

tablekeeper/test/stage_2/test_ui.py:181: 
_ _ _ _ _ _ _ _ _ _ _ _ _ _ _ _ _ _ _ _ _ _ _ _ _ _ _ _ _ _ _ _ _ _ _ _ _ _ _ _ _ _ _ _ _ _ _ _ _ _ _ _ _ _ _ _ _ _ _ _ _ _ _ _ _ _ _ _ _ _ _ _ _ _ _ _ _ _ _ _ _ _ _ _ _ _ _ _ _ _ _ _ _ _ _ _ _ _ _ _ 
tablekeeper/test/stage_2/test_ui.py:151: in _book_via_ui
    log_in(page)
tablekeeper/test/stage_2/test_ui.py:34: in log_in
    page.fill(sel("login-email"), email or fx.ADA["email"])
../df-py/lib/python3.13/site-packages/playwright/sync_api/_generated.py:11332: in fill
    self._sync(
../df-py/lib/python3.13/site-packages/playwright/_impl/_page.py:930: in fill
    return await self._main_frame.fill(**locals_to_params(locals()))
           ^^^^^^^^^^^^^^^^^^^^^^^^^^^^^^^^^^^^^^^^^^^^^^^^^^^^^^^^^
../df-py/lib/python3.13/site-packages/playwright/_impl/_frame.py:637: in fill
    await self._fill(**locals_to_params(locals()))
../df-py/lib/python3.13/site-packages/playwright/_impl/_frame.py:649: in _fill
    await self._channel.send("fill", self._timeout, locals_to_params(locals()))
../df-py/lib/python3.13/site-packages/playwright/_impl/_connection.py:76: in send
    return await self._connection.wrap_api_call(
_ _ _ _ _ _ _ _ _ _ _ _ _ _ _ _ _ _ _ _ _ _ _ _ _ _ _ _ _ _ _ _ _ _ _ _ _ _ _ _ _ _ _ _ _ _ _ _ _ _ _ _ _ _ _ _ _ _ _ _ _ _ _ _ _ _ _ _ _ _ _ _ _ _ _ _ _ _ _ _ _ _ _ _ _ _ _ _ _ _ _ _ _ _ _ _ _ _ _ _ 

self = <playwright._impl._connection.Connection object at 0x7fc82c946a50>, cb = <function Channel.send.<locals>.<lambda> at 0x7fc82b1ba2a0>, is_internal = False, title = None

    async def wrap_api_call(
        self, cb: Callable[[], Any], is_internal: bool = False, title: str = None
    ) -> Any:
        if self._api_zone.get():
            return await cb()
        task = asyncio.current_task(self._loop)
        parsed_st = _attach_api_call_information(
            getattr(task, "__pw_stack__", None) or _capture_stack_trace(),
            is_internal,
            title,
        )
        self._api_zone.set(parsed_st)
        try:
            return await cb()
        except Exception as error:
>           raise rewrite_error(error, f"{parsed_st['apiName']}: {error}") from None
E           playwright._impl._errors.TimeoutError: Page.fill: Timeout 10000ms exceeded.
E           Call log:
E             - waiting for locator("[data-testid='login-email']")

../df-py/lib/python3.13/site-packages/playwright/_impl/_connection.py:632: TimeoutError
____________________________________________________________________________ test_unknown_reference_shows_reservation_error ____________________________________________________________________________

seeded = {'users': [{'id': 'u_ada', 'email': 'ada@example.com', 'password': 'correct horse', 'display_name': 'Ada'}, {'id': 'u_...s': [{'id': 'r_anker', 'name': 'Zum Anker', 'timezone': 'Europe/Berlin', 'slot_minutes': 30, ...}], 'reservations': []}
page = <Page url='http://127.0.0.1:8081/login'>

    def test_unknown_reference_shows_reservation_error(seeded, page):
>       log_in(page)

tablekeeper/test/stage_2/test_ui.py:193: 
_ _ _ _ _ _ _ _ _ _ _ _ _ _ _ _ _ _ _ _ _ _ _ _ _ _ _ _ _ _ _ _ _ _ _ _ _ _ _ _ _ _ _ _ _ _ _ _ _ _ _ _ _ _ _ _ _ _ _ _ _ _ _ _ _ _ _ _ _ _ _ _ _ _ _ _ _ _ _ _ _ _ _ _ _ _ _ _ _ _ _ _ _ _ _ _ _ _ _ _ 
tablekeeper/test/stage_2/test_ui.py:34: in log_in
    page.fill(sel("login-email"), email or fx.ADA["email"])
../df-py/lib/python3.13/site-packages/playwright/sync_api/_generated.py:11332: in fill
    self._sync(
../df-py/lib/python3.13/site-packages/playwright/_impl/_page.py:930: in fill
    return await self._main_frame.fill(**locals_to_params(locals()))
           ^^^^^^^^^^^^^^^^^^^^^^^^^^^^^^^^^^^^^^^^^^^^^^^^^^^^^^^^^
../df-py/lib/python3.13/site-packages/playwright/_impl/_frame.py:637: in fill
    await self._fill(**locals_to_params(locals()))
../df-py/lib/python3.13/site-packages/playwright/_impl/_frame.py:649: in _fill
    await self._channel.send("fill", self._timeout, locals_to_params(locals()))
../df-py/lib/python3.13/site-packages/playwright/_impl/_connection.py:76: in send
    return await self._connection.wrap_api_call(
_ _ _ _ _ _ _ _ _ _ _ _ _ _ _ _ _ _ _ _ _ _ _ _ _ _ _ _ _ _ _ _ _ _ _ _ _ _ _ _ _ _ _ _ _ _ _ _ _ _ _ _ _ _ _ _ _ _ _ _ _ _ _ _ _ _ _ _ _ _ _ _ _ _ _ _ _ _ _ _ _ _ _ _ _ _ _ _ _ _ _ _ _ _ _ _ _ _ _ _ 

self = <playwright._impl._connection.Connection object at 0x7fc82c946a50>, cb = <function Channel.send.<locals>.<lambda> at 0x7fc82b15aca0>, is_internal = False, title = None

    async def wrap_api_call(
        self, cb: Callable[[], Any], is_internal: bool = False, title: str = None
    ) -> Any:
        if self._api_zone.get():
            return await cb()
        task = asyncio.current_task(self._loop)
        parsed_st = _attach_api_call_information(
            getattr(task, "__pw_stack__", None) or _capture_stack_trace(),
            is_internal,
            title,
        )
        self._api_zone.set(parsed_st)
        try:
            return await cb()
        except Exception as error:
>           raise rewrite_error(error, f"{parsed_st['apiName']}: {error}") from None
E           playwright._impl._errors.TimeoutError: Page.fill: Timeout 10000ms exceeded.
E           Call log:
E             - waiting for locator("[data-testid='login-email']")

../df-py/lib/python3.13/site-packages/playwright/_impl/_connection.py:632: TimeoutError
__________________________________________________________________________ test_submitting_the_booking_form_twice_books_once ___________________________________________________________________________

seeded = {'users': [{'id': 'u_ada', 'email': 'ada@example.com', 'password': 'correct horse', 'display_name': 'Ada'}, {'id': 'u_...s': [{'id': 'r_anker', 'name': 'Zum Anker', 'timezone': 'Europe/Berlin', 'slot_minutes': 30, ...}], 'reservations': []}
page = <Page url='http://127.0.0.1:8081/login'>

    def test_submitting_the_booking_form_twice_books_once(seeded, page):
        """The form stays on screen, so a second press sends the same body. A form
        that mints its idempotency key at submit time sends a new one and is answered
        409 table_unavailable."""
>       _open_booking_form(page)

tablekeeper/test/stage_2/test_ui.py:214: 
_ _ _ _ _ _ _ _ _ _ _ _ _ _ _ _ _ _ _ _ _ _ _ _ _ _ _ _ _ _ _ _ _ _ _ _ _ _ _ _ _ _ _ _ _ _ _ _ _ _ _ _ _ _ _ _ _ _ _ _ _ _ _ _ _ _ _ _ _ _ _ _ _ _ _ _ _ _ _ _ _ _ _ _ _ _ _ _ _ _ _ _ _ _ _ _ _ _ _ _ 
tablekeeper/test/stage_2/test_ui.py:204: in _open_booking_form
    log_in(page)
tablekeeper/test/stage_2/test_ui.py:34: in log_in
    page.fill(sel("login-email"), email or fx.ADA["email"])
../df-py/lib/python3.13/site-packages/playwright/sync_api/_generated.py:11332: in fill
    self._sync(
../df-py/lib/python3.13/site-packages/playwright/_impl/_page.py:930: in fill
    return await self._main_frame.fill(**locals_to_params(locals()))
           ^^^^^^^^^^^^^^^^^^^^^^^^^^^^^^^^^^^^^^^^^^^^^^^^^^^^^^^^^
../df-py/lib/python3.13/site-packages/playwright/_impl/_frame.py:637: in fill
    await self._fill(**locals_to_params(locals()))
../df-py/lib/python3.13/site-packages/playwright/_impl/_frame.py:649: in _fill
    await self._channel.send("fill", self._timeout, locals_to_params(locals()))
../df-py/lib/python3.13/site-packages/playwright/_impl/_connection.py:76: in send
    return await self._connection.wrap_api_call(
_ _ _ _ _ _ _ _ _ _ _ _ _ _ _ _ _ _ _ _ _ _ _ _ _ _ _ _ _ _ _ _ _ _ _ _ _ _ _ _ _ _ _ _ _ _ _ _ _ _ _ _ _ _ _ _ _ _ _ _ _ _ _ _ _ _ _ _ _ _ _ _ _ _ _ _ _ _ _ _ _ _ _ _ _ _ _ _ _ _ _ _ _ _ _ _ _ _ _ _ 

self = <playwright._impl._connection.Connection object at 0x7fc82c946a50>, cb = <function Channel.send.<locals>.<lambda> at 0x7fc82b15b060>, is_internal = False, title = None

    async def wrap_api_call(
        self, cb: Callable[[], Any], is_internal: bool = False, title: str = None
    ) -> Any:
        if self._api_zone.get():
            return await cb()
        task = asyncio.current_task(self._loop)
        parsed_st = _attach_api_call_information(
            getattr(task, "__pw_stack__", None) or _capture_stack_trace(),
            is_internal,
            title,
        )
        self._api_zone.set(parsed_st)
        try:
            return await cb()
        except Exception as error:
>           raise rewrite_error(error, f"{parsed_st['apiName']}: {error}") from None
E           playwright._impl._errors.TimeoutError: Page.fill: Timeout 10000ms exceeded.
E           Call log:
E             - waiting for locator("[data-testid='login-email']")

../df-py/lib/python3.13/site-packages/playwright/_impl/_connection.py:632: TimeoutError
_____________________________________________________________________________ test_a_double_submit_leaves_one_reservation ______________________________________________________________________________

seeded = {'users': [{'id': 'u_ada', 'email': 'ada@example.com', 'password': 'correct horse', 'display_name': 'Ada'}, {'id': 'u_...s': [{'id': 'r_anker', 'name': 'Zum Anker', 'timezone': 'Europe/Berlin', 'slot_minutes': 30, ...}], 'reservations': []}
page = <Page url='http://127.0.0.1:8081/login'>, api = <function api.<locals>._api at 0x7fc82c5b0b80>

    def test_a_double_submit_leaves_one_reservation(seeded, page, api):
>       _open_booking_form(page)

tablekeeper/test/stage_2/test_ui.py:227: 
_ _ _ _ _ _ _ _ _ _ _ _ _ _ _ _ _ _ _ _ _ _ _ _ _ _ _ _ _ _ _ _ _ _ _ _ _ _ _ _ _ _ _ _ _ _ _ _ _ _ _ _ _ _ _ _ _ _ _ _ _ _ _ _ _ _ _ _ _ _ _ _ _ _ _ _ _ _ _ _ _ _ _ _ _ _ _ _ _ _ _ _ _ _ _ _ _ _ _ _ 
tablekeeper/test/stage_2/test_ui.py:204: in _open_booking_form
    log_in(page)
tablekeeper/test/stage_2/test_ui.py:34: in log_in
    page.fill(sel("login-email"), email or fx.ADA["email"])
../df-py/lib/python3.13/site-packages/playwright/sync_api/_generated.py:11332: in fill
    self._sync(
../df-py/lib/python3.13/site-packages/playwright/_impl/_page.py:930: in fill
    return await self._main_frame.fill(**locals_to_params(locals()))
           ^^^^^^^^^^^^^^^^^^^^^^^^^^^^^^^^^^^^^^^^^^^^^^^^^^^^^^^^^
../df-py/lib/python3.13/site-packages/playwright/_impl/_frame.py:637: in fill
    await self._fill(**locals_to_params(locals()))
../df-py/lib/python3.13/site-packages/playwright/_impl/_frame.py:649: in _fill
    await self._channel.send("fill", self._timeout, locals_to_params(locals()))
../df-py/lib/python3.13/site-packages/playwright/_impl/_connection.py:76: in send
    return await self._connection.wrap_api_call(
_ _ _ _ _ _ _ _ _ _ _ _ _ _ _ _ _ _ _ _ _ _ _ _ _ _ _ _ _ _ _ _ _ _ _ _ _ _ _ _ _ _ _ _ _ _ _ _ _ _ _ _ _ _ _ _ _ _ _ _ _ _ _ _ _ _ _ _ _ _ _ _ _ _ _ _ _ _ _ _ _ _ _ _ _ _ _ _ _ _ _ _ _ _ _ _ _ _ _ _ 

self = <playwright._impl._connection.Connection object at 0x7fc82c946a50>, cb = <function Channel.send.<locals>.<lambda> at 0x7fc82c5b1120>, is_internal = False, title = None

    async def wrap_api_call(
        self, cb: Callable[[], Any], is_internal: bool = False, title: str = None
    ) -> Any:
        if self._api_zone.get():
            return await cb()
        task = asyncio.current_task(self._loop)
        parsed_st = _attach_api_call_information(
            getattr(task, "__pw_stack__", None) or _capture_stack_trace(),
            is_internal,
            title,
        )
        self._api_zone.set(parsed_st)
        try:
            return await cb()
        except Exception as error:
>           raise rewrite_error(error, f"{parsed_st['apiName']}: {error}") from None
E           playwright._impl._errors.TimeoutError: Page.fill: Timeout 10000ms exceeded.
E           Call log:
E             - waiting for locator("[data-testid='login-email']")

../df-py/lib/python3.13/site-packages/playwright/_impl/_connection.py:632: TimeoutError
_________________________________________________________________________ test_changing_the_form_first_is_a_different_booking __________________________________________________________________________

seeded = {'users': [{'id': 'u_ada', 'email': 'ada@example.com', 'password': 'correct horse', 'display_name': 'Ada'}, {'id': 'u_...s': [{'id': 'r_anker', 'name': 'Zum Anker', 'timezone': 'Europe/Berlin', 'slot_minutes': 30, ...}], 'reservations': []}
page = <Page url='http://127.0.0.1:8081/login'>, api = <function api.<locals>._api at 0x7fc82b152f20>

    def test_changing_the_form_first_is_a_different_booking(seeded, page, api):
        """Editing a field starts a new booking, so it must not replay the old one."""
>       _open_booking_form(page)

tablekeeper/test/stage_2/test_ui.py:241: 
_ _ _ _ _ _ _ _ _ _ _ _ _ _ _ _ _ _ _ _ _ _ _ _ _ _ _ _ _ _ _ _ _ _ _ _ _ _ _ _ _ _ _ _ _ _ _ _ _ _ _ _ _ _ _ _ _ _ _ _ _ _ _ _ _ _ _ _ _ _ _ _ _ _ _ _ _ _ _ _ _ _ _ _ _ _ _ _ _ _ _ _ _ _ _ _ _ _ _ _ 
tablekeeper/test/stage_2/test_ui.py:204: in _open_booking_form
    log_in(page)
tablekeeper/test/stage_2/test_ui.py:34: in log_in
    page.fill(sel("login-email"), email or fx.ADA["email"])
../df-py/lib/python3.13/site-packages/playwright/sync_api/_generated.py:11332: in fill
    self._sync(
../df-py/lib/python3.13/site-packages/playwright/_impl/_page.py:930: in fill
    return await self._main_frame.fill(**locals_to_params(locals()))
           ^^^^^^^^^^^^^^^^^^^^^^^^^^^^^^^^^^^^^^^^^^^^^^^^^^^^^^^^^
../df-py/lib/python3.13/site-packages/playwright/_impl/_frame.py:637: in fill
    await self._fill(**locals_to_params(locals()))
../df-py/lib/python3.13/site-packages/playwright/_impl/_frame.py:649: in _fill
    await self._channel.send("fill", self._timeout, locals_to_params(locals()))
../df-py/lib/python3.13/site-packages/playwright/_impl/_connection.py:76: in send
    return await self._connection.wrap_api_call(
_ _ _ _ _ _ _ _ _ _ _ _ _ _ _ _ _ _ _ _ _ _ _ _ _ _ _ _ _ _ _ _ _ _ _ _ _ _ _ _ _ _ _ _ _ _ _ _ _ _ _ _ _ _ _ _ _ _ _ _ _ _ _ _ _ _ _ _ _ _ _ _ _ _ _ _ _ _ _ _ _ _ _ _ _ _ _ _ _ _ _ _ _ _ _ _ _ _ _ _ 

self = <playwright._impl._connection.Connection object at 0x7fc82c946a50>, cb = <function Channel.send.<locals>.<lambda> at 0x7fc82c57df80>, is_internal = False, title = None

    async def wrap_api_call(
        self, cb: Callable[[], Any], is_internal: bool = False, title: str = None
    ) -> Any:
        if self._api_zone.get():
            return await cb()
        task = asyncio.current_task(self._loop)
        parsed_st = _attach_api_call_information(
            getattr(task, "__pw_stack__", None) or _capture_stack_trace(),
            is_internal,
            title,
        )
        self._api_zone.set(parsed_st)
        try:
            return await cb()
        except Exception as error:
>           raise rewrite_error(error, f"{parsed_st['apiName']}: {error}") from None
E           playwright._impl._errors.TimeoutError: Page.fill: Timeout 10000ms exceeded.
E           Call log:
E             - waiting for locator("[data-testid='login-email']")

../df-py/lib/python3.13/site-packages/playwright/_impl/_connection.py:632: TimeoutError
======================================================================================= short test summary info ========================================================================================
FAILED tablekeeper/test/stage_2/test_sample.py::test_routes_are_directly_navigable[/-search-button] - playwright._impl._errors.TimeoutError: Page.wait_for_selector: Timeout 10000ms exceeded.
FAILED tablekeeper/test/stage_2/test_sample.py::test_routes_are_directly_navigable[/signup-signup-submit] - playwright._impl._errors.TimeoutError: Page.wait_for_selector: Timeout 10000ms exceeded.
FAILED tablekeeper/test/stage_2/test_sample.py::test_routes_are_directly_navigable[/login-login-submit] - playwright._impl._errors.TimeoutError: Page.wait_for_selector: Timeout 10000ms exceeded.
FAILED tablekeeper/test/stage_2/test_sample.py::test_routes_are_directly_navigable[/lookup-lookup-submit] - playwright._impl._errors.TimeoutError: Page.wait_for_selector: Timeout 10000ms exceeded.
FAILED tablekeeper/test/stage_2/test_sample.py::test_login_signs_you_in_and_logout_signs_you_out - playwright._impl._errors.TimeoutError: Page.fill: Timeout 10000ms exceeded.
FAILED tablekeeper/test/stage_2/test_sample.py::test_booking_flow_reaches_a_confirmation - playwright._impl._errors.TimeoutError: Page.fill: Timeout 10000ms exceeded.
FAILED tablekeeper/test/stage_2/test_sample.py::test_a_combination_occupies_both_tables - assert 422 == 201
FAILED tablekeeper/test/stage_2/test_ui.py::test_signup_signs_you_in - playwright._impl._errors.TimeoutError: Page.fill: Timeout 10000ms exceeded.
FAILED tablekeeper/test/stage_2/test_ui.py::test_bad_login_shows_auth_error - playwright._impl._errors.TimeoutError: Page.fill: Timeout 10000ms exceeded.
FAILED tablekeeper/test/stage_2/test_ui.py::test_grid_shows_a_cell_per_table_per_slot - playwright._impl._errors.TimeoutError: Page.select_option: Timeout 10000ms exceeded.
FAILED tablekeeper/test/stage_2/test_ui.py::test_cells_carry_data_available - playwright._impl._errors.TimeoutError: Page.select_option: Timeout 10000ms exceeded.
FAILED tablekeeper/test/stage_2/test_ui.py::test_closed_day_shows_no_slots - playwright._impl._errors.TimeoutError: Page.select_option: Timeout 10000ms exceeded.
FAILED tablekeeper/test/stage_2/test_ui.py::test_clicking_an_unavailable_cell_does_nothing - playwright._impl._errors.TimeoutError: Page.fill: Timeout 10000ms exceeded.
FAILED tablekeeper/test/stage_2/test_ui.py::test_booking_while_signed_out_shows_auth_error_or_goes_to_login - playwright._impl._errors.TimeoutError: Page.select_option: Timeout 10000ms exceeded.
FAILED tablekeeper/test/stage_2/test_ui.py::test_a_booked_slot_is_unavailable_on_the_next_search - playwright._impl._errors.TimeoutError: Page.fill: Timeout 10000ms exceeded.
FAILED tablekeeper/test/stage_2/test_ui.py::test_booking_error_is_shown_when_the_booking_fails - playwright._impl._errors.TimeoutError: Page.fill: Timeout 10000ms exceeded.
FAILED tablekeeper/test/stage_2/test_ui.py::test_lookup_shows_the_reservation - playwright._impl._errors.TimeoutError: Page.fill: Timeout 10000ms exceeded.
FAILED tablekeeper/test/stage_2/test_ui.py::test_cancel_from_lookup_updates_without_a_manual_reload - playwright._impl._errors.TimeoutError: Page.fill: Timeout 10000ms exceeded.
FAILED tablekeeper/test/stage_2/test_ui.py::test_cancelling_frees_the_slot - playwright._impl._errors.TimeoutError: Page.fill: Timeout 10000ms exceeded.
FAILED tablekeeper/test/stage_2/test_ui.py::test_unknown_reference_shows_reservation_error - playwright._impl._errors.TimeoutError: Page.fill: Timeout 10000ms exceeded.
FAILED tablekeeper/test/stage_2/test_ui.py::test_submitting_the_booking_form_twice_books_once - playwright._impl._errors.TimeoutError: Page.fill: Timeout 10000ms exceeded.
FAILED tablekeeper/test/stage_2/test_ui.py::test_a_double_submit_leaves_one_reservation - playwright._impl._errors.TimeoutError: Page.fill: Timeout 10000ms exceeded.
FAILED tablekeeper/test/stage_2/test_ui.py::test_changing_the_form_first_is_a_different_booking - playwright._impl._errors.TimeoutError: Page.fill: Timeout 10000ms exceeded.
23 failed, 2 passed in 231.40s (0:03:51)

